// Jest Snapshot v1, https://goo.gl/fbAQLP

exports[`QuoterV2 quotes #quoteExactInput 0 -> 2 -> 1 1`] = `340002`;

exports[`QuoterV2 quotes #quoteExactInput 0 -> 2 cross 0 tick, starting tick initialized 1`] = `131636`;

exports[`QuoterV2 quotes #quoteExactInput 0 -> 2 cross 0 tick, starting tick not initialized 1`] = `108600`;

exports[`QuoterV2 quotes #quoteExactInput 0 -> 2 cross 1 tick 1`] = `175038`;

exports[`QuoterV2 quotes #quoteExactInput 0 -> 2 cross 2 tick 1`] = `213054`;

exports[`QuoterV2 quotes #quoteExactInput 0 -> 2 cross 2 tick where after is initialized 1`] = `175038`;

exports[`QuoterV2 quotes #quoteExactInput 2 -> 0 cross 0 tick, starting tick initialized 1`] = `105070`;

exports[`QuoterV2 quotes #quoteExactInput 2 -> 0 cross 0 tick, starting tick not initialized 1`] = `101171`;

exports[`QuoterV2 quotes #quoteExactInput 2 -> 0 cross 2 1`] = `205638`;

exports[`QuoterV2 quotes #quoteExactInput 2 -> 0 cross 2 where tick after is initialized 1`] = `205646`;

exports[`QuoterV2 quotes #quoteExactInput 2 -> 1 1`] = `126962`;

exports[`QuoterV2 quotes #quoteExactInputSingle 0 -> 2 1`] = `213036`;

exports[`QuoterV2 quotes #quoteExactInputSingle 2 -> 0 1`] = `205610`;

exports[`QuoterV2 quotes #quoteExactOutput 0 -> 2 -> 1 1`] = `339602`;

exports[`QuoterV2 quotes #quoteExactOutput 0 -> 2 cross 0 tick starting tick initialized 1`] = `131179`;

exports[`QuoterV2 quotes #quoteExactOutput 0 -> 2 cross 0 tick starting tick not initialized 1`] = `108163`;

exports[`QuoterV2 quotes #quoteExactOutput 0 -> 2 cross 1 tick 1`] = `174286`;

exports[`QuoterV2 quotes #quoteExactOutput 0 -> 2 cross 2 tick 1`] = `212084`;

exports[`QuoterV2 quotes #quoteExactOutput 0 -> 2 cross 2 where tick after is initialized 1`] = `174286`;

exports[`QuoterV2 quotes #quoteExactOutput 2 -> 0 cross 1 tick 1`] = `167888`;

exports[`QuoterV2 quotes #quoteExactOutput 2 -> 0 cross 2 ticks 1`] = `205720`;

exports[`QuoterV2 quotes #quoteExactOutput 2 -> 0 cross 2 where tick after is initialized 1`] = `205714`;

exports[`QuoterV2 quotes #quoteExactOutput 2 -> 1 1`] = `127515`;

exports[`QuoterV2 quotes #quoteExactOutputSingle 0 -> 1 1`] = `135037`;

exports[`QuoterV2 quotes #quoteExactOutputSingle 1 -> 0 1`] = `128144`;
